HST Guide Star Catalog 2.3 1
http://gsss.stsci.edu/webservices/vo/ConeSearch.aspx?CAT=GSC23&
W48,W50
/eng/ssb/web/astrolib/vo_databases/daily_20121203/results/5a/97/90fbfd6b31434ca23c091f13f2de/vo.xml:13:0: W50: Invalid unit string 'degree'
/eng/ssb/web/astrolib/vo_databases/daily_20121203/results/5a/97/90fbfd6b31434ca23c091f13f2de/vo.xml:16:0: W50: Invalid unit string 'degree'
/eng/ssb/web/astrolib/vo_databases/daily_20121203/results/5a/97/90fbfd6b31434ca23c091f13f2de/vo.xml:28:0: W50: Invalid unit string 'year'
/eng/ssb/web/astrolib/vo_databases/daily_20121203/results/5a/97/90fbfd6b31434ca23c091f13f2de/vo.xml:136:0: W50: Invalid unit string 'pixels'
/eng/ssb/web/astrolib/vo_databases/daily_20121203/results/5a/97/90fbfd6b31434ca23c091f13f2de/vo.xml:139:0: W50: Invalid unit string 'degree'
/eng/ssb/web/astrolib/vo_databases/daily_20121203/results/5a/97/90fbfd6b31434ca23c091f13f2de/vo.xml:155:0: W48: Unknown attribute 'nrows' on TABLEDATA

The USNO-A2.0 Catalogue (Monet+ 1998) 1
http://vizier.u-strasbg.fr/viz-bin/votable/-A?-source=I/252/out&
W22
/eng/ssb/web/astrolib/vo_databases/daily_20121203/results/57/4f/1898273d7498efddc5a3544da882/vo.xml:13:0: W22: The DEFINITIONS element is deprecated in VOTable 1.1.  Ignoring

