{
    "validate_network_error": null, 
    "capabilityClass": "ConeSearch", 
    "updated": "2008-04-07T11:31:44.24", 
    "capabilityValidationLevel": "", 
    "maxRecords": 1000, 
    "validate_nwarnings": 12, 
    "interfaceClass": "ParamHTTP", 
    "subject": "#Infrared Astronomy#Surveys#", 
    "validate_xmllint_content": "I/O error : Attempt to load network entity http://us-vo.org/xml/VOTable.dtd\n./results/2f/f3/c8bca70d6aaea298ed5cbe09de40/vo.xml:2: warning: failed to load external entity \"http://us-vo.org/xml/VOTable.dtd\"\n<!DOCTYPE VOTABLE SYSTEM \"http://us-vo.org/xml/VOTable.dtd\">\n                                                            ^\n", 
    "title": "2MASS All-Sky Point Source Catalog", 
    "resourceID": "ivo://irsa.ipac/2MASS-PSC", 
    "duplicatesIgnored": 0, 
    "referenceURL": "http://www.ipac.caltech.edu/2mass/releases/allsky/doc/sec2_2.html", 
    "interfaceRole": "std?", 
    "version": "1", 
    "validate_warnings": [
        "./results/2f/f3/c8bca70d6aaea298ed5cbe09de40/vo.xml:3:0: W21: vo.table is designed for VOTable version 1.1 and 1.2, but this file is 1.0", 
        "./results/2f/f3/c8bca70d6aaea298ed5cbe09de40/vo.xml:3:0: W42: No XML namespace specified", 
        "./results/2f/f3/c8bca70d6aaea298ed5cbe09de40/vo.xml:74:775: W49: Empty cell illegal for integer fields.", 
        "./results/2f/f3/c8bca70d6aaea298ed5cbe09de40/vo.xml:75:775: W49: Empty cell illegal for integer fields.", 
        "./results/2f/f3/c8bca70d6aaea298ed5cbe09de40/vo.xml:76:715: W49: Empty cell illegal for integer fields.", 
        "./results/2f/f3/c8bca70d6aaea298ed5cbe09de40/vo.xml:77:691: W49: Empty cell illegal for integer fields.", 
        "./results/2f/f3/c8bca70d6aaea298ed5cbe09de40/vo.xml:77:728: W49: Empty cell illegal for integer fields.", 
        "./results/2f/f3/c8bca70d6aaea298ed5cbe09de40/vo.xml:78:745: W49: Empty cell illegal for integer fields.", 
        "./results/2f/f3/c8bca70d6aaea298ed5cbe09de40/vo.xml:79:774: W49: Empty cell illegal for integer fields.", 
        "./results/2f/f3/c8bca70d6aaea298ed5cbe09de40/vo.xml:80:775: W49: Empty cell illegal for integer fields.", 
        "./results/2f/f3/c8bca70d6aaea298ed5cbe09de40/vo.xml:81:778: W49: Empty cell illegal for integer fields.", 
        "./results/2f/f3/c8bca70d6aaea298ed5cbe09de40/vo.xml:82:774: W49: Empty cell illegal for integer fields. (suppressing further warnings of this type...)"
    ], 
    "type": "#Catalog#", 
    "capabilityStandardID": "ivo://ivoa.net/std/ConeSearch", 
    "contentLevel": "#Research#", 
    "description": "2MASS has uniformly scanned the entire sky in three near-infrared bands to detect and characterize point sources brighter than about 1 mJy in each band, with signal-to-noise ratio (SNR) greater than 1.\n\nThis particular record describes access to the position-based catalog data in this collection through the VO-standard ConeSearch service interface.  It can be used automatically by compliant tools and applications.", 
    "tags": "Catalog", 
    "regionOfRegard": 0.14000000059604645, 
    "shortName": "2MASS-PSC", 
    "publisherID": "ivo://irsa.ipac/IRSA", 
    "maxRadius": 1.0, 
    "interfaceVersion": "", 
    "validate_expected": "incorrect", 
    "publisher": "NASA/IPAC Infrared Science Archive", 
    "validate_out_db_name": "warn", 
    "url": "http://irsa.ipac.caltech.edu/cgi-bin/Oasis/CatSearch/nph-catsearch?CAT=fp_psc&", 
    "waveband": "#Infrared#", 
    "validate_nexceptions": 0, 
    "validate_warning_types": [
        "W49", 
        "W42", 
        "W21"
    ], 
    "validate_version": "1.0", 
    "identifier": "ivo://irsa.ipac/2MASS-PSC#1", 
    "validate_xmllint": true
}

Found in warn
