good: 2 catalogs
warn: 2 catalogs
exception: 0 catalogs
error: 1 catalogs
