good: 2 catalog(s)
warn: 0 catalog(s)
exception: 0 catalog(s)
error: 1 catalog(s)
total: 3 catalog(s)
